<?xml version="1.0" encoding="utf-8"?>
<TestRun id="ac27d508-b028-4015-a001-2745c87beefb" name="Aswin@LENOVO 2026-02-20 07:08:00" runUser="LENOVO\Aswin" xmlns="http://microsoft.com/schemas/VisualStudio/TeamTest/2010">
  <Times creation="2026-02-20T07:08:00.5481761+05:30" queuing="2026-02-20T07:08:00.5481765+05:30" start="2026-02-20T07:07:59.3058556+05:30" finish="2026-02-20T07:08:00.5810849+05:30" />
  <TestSettings name="default" id="9d75ff00-4bec-4507-bbf7-c8fe93d7827c">
    <Deployment runDeploymentRoot="Aswin_LENOVO_2026-02-20_07_08_00" />
  </TestSettings>
  <Results>
    <UnitTestResult executionId="4e17e0f4-6e2a-44f7-9f6c-6388a379330d" testId="f38a2afa-cdc9-f0e7-bf4b-c9260fe3ccec" testName="Calculator.Tests.CalculatorTests.Subtract_TwoNumbers_ReturnsDifference" computerName="LENOVO" duration="00:00:00.0002288" startTime="2026-02-20T07:08:00.4787100+05:30" endTime="2026-02-20T07:08:00.4787795+05:30" testType="13cdc9d9-ddb5-4fa4-a97d-d965ccfc6d4b" outcome="Passed" testListId="8c84fa94-04c1-424b-9868-57a2d4851a1d" relativeResultsDirectory="4e17e0f4-6e2a-44f7-9f6c-6388a379330d" />
    <UnitTestResult executionId="010724e6-a761-4229-a6c7-6b7ca11d7722" testId="25159a1d-dc50-ca04-1a60-866772e3be57" testName="Calculator.Tests.CalculatorTests.Add_TwoPositiveNumbers_ReturnsSum" computerName="LENOVO" duration="00:00:00.0001291" startTime="2026-02-20T07:08:00.4322535+05:30" endTime="2026-02-20T07:08:00.4322925+05:30" testType="13cdc9d9-ddb5-4fa4-a97d-d965ccfc6d4b" outcome="Passed" testListId="8c84fa94-04c1-424b-9868-57a2d4851a1d" relativeResultsDirectory="010724e6-a761-4229-a6c7-6b7ca11d7722" />
    <UnitTestResult executionId="766f8806-7329-4985-930b-68464476e957" testId="73264eaf-e038-32bb-65fe-f8e0d702bf6e" testName="Calculator.Tests.CalculatorTests.Multiply_VariousInputs_ReturnsProduct(a: 5, b: 3, expected: 15)" computerName="LENOVO" duration="00:00:00.0002730" startTime="2026-02-20T07:08:00.4318016+05:30" endTime="2026-02-20T07:08:00.4318564+05:30" testType="13cdc9d9-ddb5-4fa4-a97d-d965ccfc6d4b" outcome="Passed" testListId="8c84fa94-04c1-424b-9868-57a2d4851a1d" relativeResultsDirectory="766f8806-7329-4985-930b-68464476e957" />
    <UnitTestResult executionId="81ced148-4cc5-4047-b8f7-0323aa5ed2b7" testId="27dbeae4-fd71-773f-b334-f64abc9e2dbe" testName="Calculator.Tests.CalculatorTests.Add_VariousInputs_ReturnsCorrectSum(a: -5, b: -3, expected: -8)" computerName="LENOVO" duration="00:00:00.0004611" startTime="2026-02-20T07:08:00.4264142+05:30" endTime="2026-02-20T07:08:00.4265445+05:30" testType="13cdc9d9-ddb5-4fa4-a97d-d965ccfc6d4b" outcome="Passed" testListId="8c84fa94-04c1-424b-9868-57a2d4851a1d" relativeResultsDirectory="81ced148-4cc5-4047-b8f7-0323aa5ed2b7" />
    <UnitTestResult executionId="3bb941c2-3c9d-4ce6-b8b7-f8d73c859809" testId="7cdb3b33-a6f6-3381-c6e7-8126b575424b" testName="Calculator.Tests.CalculatorTests.Add_VariousInputs_ReturnsCorrectSum(a: 0, b: 5, expected: 5)" computerName="LENOVO" duration="00:00:00.0000135" startTime="2026-02-20T07:08:00.4302343+05:30" endTime="2026-02-20T07:08:00.4303200+05:30" testType="13cdc9d9-ddb5-4fa4-a97d-d965ccfc6d4b" outcome="Passed" testListId="8c84fa94-04c1-424b-9868-57a2d4851a1d" relativeResultsDirectory="3bb941c2-3c9d-4ce6-b8b7-f8d73c859809" />
    <UnitTestResult executionId="b0965caf-bcc7-4e9a-8d59-1fd64bb97c82" testId="ee1bbc81-08fe-a406-16bf-7c048927b342" testName="Calculator.Tests.CalculatorTests.Multiply_VariousInputs_ReturnsProduct(a: 5, b: -3, expected: -15)" computerName="LENOVO" duration="00:00:00.0000110" startTime="2026-02-20T07:08:00.4320865+05:30" endTime="2026-02-20T07:08:00.4321240+05:30" testType="13cdc9d9-ddb5-4fa4-a97d-d965ccfc6d4b" outcome="Passed" testListId="8c84fa94-04c1-424b-9868-57a2d4851a1d" relativeResultsDirectory="b0965caf-bcc7-4e9a-8d59-1fd64bb97c82" />
    <UnitTestResult executionId="36f78d16-57ce-4911-82fd-3f6ad4343d34" testId="a0dd8d97-4c33-09d6-5ff8-47d4a9778bac" testName="Calculator.Tests.CalculatorTests.Divide_TwoNumbers_ReturnsQuotient" computerName="LENOVO" duration="00:00:00.0001327" startTime="2026-02-20T07:08:00.4792092+05:30" endTime="2026-02-20T07:08:00.4792943+05:30" testType="13cdc9d9-ddb5-4fa4-a97d-d965ccfc6d4b" outcome="Passed" testListId="8c84fa94-04c1-424b-9868-57a2d4851a1d" relativeResultsDirectory="36f78d16-57ce-4911-82fd-3f6ad4343d34" />
    <UnitTestResult executionId="32225371-69d4-4d82-b3bc-e0334cce8ed3" testId="558bca39-65b6-ea02-d935-513c91f83b91" testName="Calculator.Tests.CalculatorTests.Add_VariousInputs_ReturnsCorrectSum(a: 5, b: 3, expected: 8)" computerName="LENOVO" duration="00:00:00.0121755" startTime="2026-02-20T07:08:00.3787621+05:30" endTime="2026-02-20T07:08:00.4078387+05:30" testType="13cdc9d9-ddb5-4fa4-a97d-d965ccfc6d4b" outcome="Passed" testListId="8c84fa94-04c1-424b-9868-57a2d4851a1d" relativeResultsDirectory="32225371-69d4-4d82-b3bc-e0334cce8ed3" />
    <UnitTestResult executionId="3dfd2c89-043f-404b-8a78-51cab7d7843b" testId="517ff1d9-cea2-dde8-2b93-4db811ba44cd" testName="Calculator.Tests.CalculatorTests.Add_VariousInputs_ReturnsCorrectSum(a: -5, b: 3, expected: -2)" computerName="LENOVO" duration="00:00:00.0000036" startTime="2026-02-20T07:08:00.4305303+05:30" endTime="2026-02-20T07:08:00.4305980+05:30" testType="13cdc9d9-ddb5-4fa4-a97d-d965ccfc6d4b" outcome="Passed" testListId="8c84fa94-04c1-424b-9868-57a2d4851a1d" relativeResultsDirectory="3dfd2c89-043f-404b-8a78-51cab7d7843b" />
    <UnitTestResult executionId="9fd1baf3-b306-421f-ab21-db0bb50a6f6d" testId="597d03ed-f412-581f-4963-5711c9eb12b7" testName="Calculator.Tests.CalculatorTests.Multiply_VariousInputs_ReturnsProduct(a: 5, b: 0, expected: 0)" computerName="LENOVO" duration="00:00:00.0003684" startTime="2026-02-20T07:08:00.4319695+05:30" endTime="2026-02-20T07:08:00.4320110+05:30" testType="13cdc9d9-ddb5-4fa4-a97d-d965ccfc6d4b" outcome="Passed" testListId="8c84fa94-04c1-424b-9868-57a2d4851a1d" relativeResultsDirectory="9fd1baf3-b306-421f-ab21-db0bb50a6f6d" />
    <UnitTestResult executionId="b1348308-3bf7-4c16-b809-0fb693031726" testId="fc78c782-7fbc-57a3-e1f2-3d58abf9281a" testName="Calculator.Tests.CalculatorTests.Divide_ByZero_ThrowsException" computerName="LENOVO" duration="00:00:00.0018288" startTime="2026-02-20T07:08:00.4324034+05:30" endTime="2026-02-20T07:08:00.4324819+05:30" testType="13cdc9d9-ddb5-4fa4-a97d-d965ccfc6d4b" outcome="Passed" testListId="8c84fa94-04c1-424b-9868-57a2d4851a1d" relativeResultsDirectory="b1348308-3bf7-4c16-b809-0fb693031726" />
  </Results>
  <TestDefinitions>
    <UnitTest name="Calculator.Tests.CalculatorTests.Add_VariousInputs_ReturnsCorrectSum(a: 0, b: 5, expected: 5)" storage="c:\feb19.net\calculator.tests\bin\debug\net10.0\calculator.tests.dll" id="7cdb3b33-a6f6-3381-c6e7-8126b575424b">
      <Execution id="3bb941c2-3c9d-4ce6-b8b7-f8d73c859809" />
      <TestMethod codeBase="C:\feb19.net\Calculator.Tests\bin\Debug\net10.0\Calculator.Tests.dll" adapterTypeName="executor://xunit/VsTestRunner3/netcore/" className="Calculator.Tests.CalculatorTests" name="Add_VariousInputs_ReturnsCorrectSum" />
    </UnitTest>
    <UnitTest name="Calculator.Tests.CalculatorTests.Add_TwoPositiveNumbers_ReturnsSum" storage="c:\feb19.net\calculator.tests\bin\debug\net10.0\calculator.tests.dll" id="25159a1d-dc50-ca04-1a60-866772e3be57">
      <Execution id="010724e6-a761-4229-a6c7-6b7ca11d7722" />
      <TestMethod codeBase="C:\feb19.net\Calculator.Tests\bin\Debug\net10.0\Calculator.Tests.dll" adapterTypeName="executor://xunit/VsTestRunner3/netcore/" className="Calculator.Tests.CalculatorTests" name="Add_TwoPositiveNumbers_ReturnsSum" />
    </UnitTest>
    <UnitTest name="Calculator.Tests.CalculatorTests.Multiply_VariousInputs_ReturnsProduct(a: 5, b: 3, expected: 15)" storage="c:\feb19.net\calculator.tests\bin\debug\net10.0\calculator.tests.dll" id="73264eaf-e038-32bb-65fe-f8e0d702bf6e">
      <Execution id="766f8806-7329-4985-930b-68464476e957" />
      <TestMethod codeBase="C:\feb19.net\Calculator.Tests\bin\Debug\net10.0\Calculator.Tests.dll" adapterTypeName="executor://xunit/VsTestRunner3/netcore/" className="Calculator.Tests.CalculatorTests" name="Multiply_VariousInputs_ReturnsProduct" />
    </UnitTest>
    <UnitTest name="Calculator.Tests.CalculatorTests.Add_VariousInputs_ReturnsCorrectSum(a: -5, b: -3, expected: -8)" storage="c:\feb19.net\calculator.tests\bin\debug\net10.0\calculator.tests.dll" id="27dbeae4-fd71-773f-b334-f64abc9e2dbe">
      <Execution id="81ced148-4cc5-4047-b8f7-0323aa5ed2b7" />
      <TestMethod codeBase="C:\feb19.net\Calculator.Tests\bin\Debug\net10.0\Calculator.Tests.dll" adapterTypeName="executor://xunit/VsTestRunner3/netcore/" className="Calculator.Tests.CalculatorTests" name="Add_VariousInputs_ReturnsCorrectSum" />
    </UnitTest>
    <UnitTest name="Calculator.Tests.CalculatorTests.Add_VariousInputs_ReturnsCorrectSum(a: 5, b: 3, expected: 8)" storage="c:\feb19.net\calculator.tests\bin\debug\net10.0\calculator.tests.dll" id="558bca39-65b6-ea02-d935-513c91f83b91">
      <Execution id="32225371-69d4-4d82-b3bc-e0334cce8ed3" />
      <TestMethod codeBase="C:\feb19.net\Calculator.Tests\bin\Debug\net10.0\Calculator.Tests.dll" adapterTypeName="executor://xunit/VsTestRunner3/netcore/" className="Calculator.Tests.CalculatorTests" name="Add_VariousInputs_ReturnsCorrectSum" />
    </UnitTest>
    <UnitTest name="Calculator.Tests.CalculatorTests.Divide_ByZero_ThrowsException" storage="c:\feb19.net\calculator.tests\bin\debug\net10.0\calculator.tests.dll" id="fc78c782-7fbc-57a3-e1f2-3d58abf9281a">
      <Execution id="b1348308-3bf7-4c16-b809-0fb693031726" />
      <TestMethod codeBase="C:\feb19.net\Calculator.Tests\bin\Debug\net10.0\Calculator.Tests.dll" adapterTypeName="executor://xunit/VsTestRunner3/netcore/" className="Calculator.Tests.CalculatorTests" name="Divide_ByZero_ThrowsException" />
    </UnitTest>
    <UnitTest name="Calculator.Tests.CalculatorTests.Add_VariousInputs_ReturnsCorrectSum(a: -5, b: 3, expected: -2)" storage="c:\feb19.net\calculator.tests\bin\debug\net10.0\calculator.tests.dll" id="517ff1d9-cea2-dde8-2b93-4db811ba44cd">
      <Execution id="3dfd2c89-043f-404b-8a78-51cab7d7843b" />
      <TestMethod codeBase="C:\feb19.net\Calculator.Tests\bin\Debug\net10.0\Calculator.Tests.dll" adapterTypeName="executor://xunit/VsTestRunner3/netcore/" className="Calculator.Tests.CalculatorTests" name="Add_VariousInputs_ReturnsCorrectSum" />
    </UnitTest>
    <UnitTest name="Calculator.Tests.CalculatorTests.Subtract_TwoNumbers_ReturnsDifference" storage="c:\feb19.net\calculator.tests\bin\debug\net10.0\calculator.tests.dll" id="f38a2afa-cdc9-f0e7-bf4b-c9260fe3ccec">
      <Execution id="4e17e0f4-6e2a-44f7-9f6c-6388a379330d" />
      <TestMethod codeBase="C:\feb19.net\Calculator.Tests\bin\Debug\net10.0\Calculator.Tests.dll" adapterTypeName="executor://xunit/VsTestRunner3/netcore/" className="Calculator.Tests.CalculatorTests" name="Subtract_TwoNumbers_ReturnsDifference" />
    </UnitTest>
    <UnitTest name="Calculator.Tests.CalculatorTests.Multiply_VariousInputs_ReturnsProduct(a: 5, b: 0, expected: 0)" storage="c:\feb19.net\calculator.tests\bin\debug\net10.0\calculator.tests.dll" id="597d03ed-f412-581f-4963-5711c9eb12b7">
      <Execution id="9fd1baf3-b306-421f-ab21-db0bb50a6f6d" />
      <TestMethod codeBase="C:\feb19.net\Calculator.Tests\bin\Debug\net10.0\Calculator.Tests.dll" adapterTypeName="executor://xunit/VsTestRunner3/netcore/" className="Calculator.Tests.CalculatorTests" name="Multiply_VariousInputs_ReturnsProduct" />
    </UnitTest>
    <UnitTest name="Calculator.Tests.CalculatorTests.Divide_TwoNumbers_ReturnsQuotient" storage="c:\feb19.net\calculator.tests\bin\debug\net10.0\calculator.tests.dll" id="a0dd8d97-4c33-09d6-5ff8-47d4a9778bac">
      <Execution id="36f78d16-57ce-4911-82fd-3f6ad4343d34" />
      <TestMethod codeBase="C:\feb19.net\Calculator.Tests\bin\Debug\net10.0\Calculator.Tests.dll" adapterTypeName="executor://xunit/VsTestRunner3/netcore/" className="Calculator.Tests.CalculatorTests" name="Divide_TwoNumbers_ReturnsQuotient" />
    </UnitTest>
    <UnitTest name="Calculator.Tests.CalculatorTests.Multiply_VariousInputs_ReturnsProduct(a: 5, b: -3, expected: -15)" storage="c:\feb19.net\calculator.tests\bin\debug\net10.0\calculator.tests.dll" id="ee1bbc81-08fe-a406-16bf-7c048927b342">
      <Execution id="b0965caf-bcc7-4e9a-8d59-1fd64bb97c82" />
      <TestMethod codeBase="C:\feb19.net\Calculator.Tests\bin\Debug\net10.0\Calculator.Tests.dll" adapterTypeName="executor://xunit/VsTestRunner3/netcore/" className="Calculator.Tests.CalculatorTests" name="Multiply_VariousInputs_ReturnsProduct" />
    </UnitTest>
  </TestDefinitions>
  <TestEntries>
    <TestEntry testId="f38a2afa-cdc9-f0e7-bf4b-c9260fe3ccec" executionId="4e17e0f4-6e2a-44f7-9f6c-6388a379330d" testListId="8c84fa94-04c1-424b-9868-57a2d4851a1d" />
    <TestEntry testId="25159a1d-dc50-ca04-1a60-866772e3be57" executionId="010724e6-a761-4229-a6c7-6b7ca11d7722" testListId="8c84fa94-04c1-424b-9868-57a2d4851a1d" />
    <TestEntry testId="73264eaf-e038-32bb-65fe-f8e0d702bf6e" executionId="766f8806-7329-4985-930b-68464476e957" testListId="8c84fa94-04c1-424b-9868-57a2d4851a1d" />
    <TestEntry testId="27dbeae4-fd71-773f-b334-f64abc9e2dbe" executionId="81ced148-4cc5-4047-b8f7-0323aa5ed2b7" testListId="8c84fa94-04c1-424b-9868-57a2d4851a1d" />
    <TestEntry testId="7cdb3b33-a6f6-3381-c6e7-8126b575424b" executionId="3bb941c2-3c9d-4ce6-b8b7-f8d73c859809" testListId="8c84fa94-04c1-424b-9868-57a2d4851a1d" />
    <TestEntry testId="ee1bbc81-08fe-a406-16bf-7c048927b342" executionId="b0965caf-bcc7-4e9a-8d59-1fd64bb97c82" testListId="8c84fa94-04c1-424b-9868-57a2d4851a1d" />
    <TestEntry testId="a0dd8d97-4c33-09d6-5ff8-47d4a9778bac" executionId="36f78d16-57ce-4911-82fd-3f6ad4343d34" testListId="8c84fa94-04c1-424b-9868-57a2d4851a1d" />
    <TestEntry testId="558bca39-65b6-ea02-d935-513c91f83b91" executionId="32225371-69d4-4d82-b3bc-e0334cce8ed3" testListId="8c84fa94-04c1-424b-9868-57a2d4851a1d" />
    <TestEntry testId="517ff1d9-cea2-dde8-2b93-4db811ba44cd" executionId="3dfd2c89-043f-404b-8a78-51cab7d7843b" testListId="8c84fa94-04c1-424b-9868-57a2d4851a1d" />
    <TestEntry testId="597d03ed-f412-581f-4963-5711c9eb12b7" executionId="9fd1baf3-b306-421f-ab21-db0bb50a6f6d" testListId="8c84fa94-04c1-424b-9868-57a2d4851a1d" />
    <TestEntry testId="fc78c782-7fbc-57a3-e1f2-3d58abf9281a" executionId="b1348308-3bf7-4c16-b809-0fb693031726" testListId="8c84fa94-04c1-424b-9868-57a2d4851a1d" />
  </TestEntries>
  <TestLists>
    <TestList name="Results Not in a List" id="8c84fa94-04c1-424b-9868-57a2d4851a1d" />
    <TestList name="All Loaded Results" id="19431567-8539-422a-85d7-44ee4e166bda" />
  </TestLists>
  <ResultSummary outcome="Completed">
    <Counters total="11" executed="11" passed="11" failed="0" error="0" timeout="0" aborted="0" inconclusive="0" passedButRunAborted="0" notRunnable="0" notExecuted="0" disconnected="0" warning="0" completed="0" inProgress="0" pending="0" />
    <Output>
      <StdOut>[xUnit.net 00:00:00.00] xUnit.net VSTest Adapter v3.1.4+50e68bbb8b (64-bit .NET 10.0.3)&#xD;
[xUnit.net 00:00:00.14]   Discovering: Calculator.Tests&#xD;
[xUnit.net 00:00:00.23]   Discovered:  Calculator.Tests&#xD;
[xUnit.net 00:00:00.29]   Starting:    Calculator.Tests&#xD;
[xUnit.net 00:00:00.43]   Finished:    Calculator.Tests&#xD;
</StdOut>
    </Output>
  </ResultSummary>
</TestRun>